
> frontend@0.0.0 build
> vite build

[36mvite v7.3.6 [32mbuilding client environment for production...[36m[39m
transforming...
[33m../../../../../D:/task/ai/apitool/frontend/node_modules/@vueuse/core/dist/index.js (3362:0): A comment

"/* #__PURE__ */"

in "../../../../../D:/task/ai/apitool/frontend/node_modules/@vueuse/core/dist/index.js" contains an annotation that Rollup cannot interpret due to the position of the comment. The comment will be removed to avoid issues.[39m
[33m../../../../../D:/task/ai/apitool/frontend/node_modules/@vueuse/core/dist/index.js (5780:22): A comment

"/* #__PURE__ */"

in "../../../../../D:/task/ai/apitool/frontend/node_modules/@vueuse/core/dist/index.js" contains an annotation that Rollup cannot interpret due to the position of the comment. The comment will be removed to avoid issues.[39m
[33m../../../../../D:/task/ai/apitool/frontend/src/components/PluginManager.vue (62:49): Error when using sourcemap for reporting an error: Can't resolve original location of error.[39m
[32m✓[39m 1635 modules transformed.
[31m✗[39m Build failed in 2.31s
[31merror during build:
[31m../../../../../D:/task/ai/apitool/frontend/src/components/PluginManager.vue (62:49): "PluginSSHResize" is not exported by "../../../../../D:/task/ai/apitool/frontend/wailsjs/go/main/App.js", imported by "../../../../../D:/task/ai/apitool/frontend/src/components/PluginManager.vue".[31m
file: [36mD:/task/ai/apitool/frontend/src/components/PluginManager.vue:62:49[31m
[33m
60: import {
61:   PluginTest,
62:   PluginSSHOpen, PluginSSHInput, PluginSSHClose, PluginSSHResize,
                                                     ^
63:   PluginSFTPList, PluginSFTPRead, PluginSFTPWrite, PluginSFTPMkdir, PluginSFTPDelete,
64:   PluginFTPList, PluginFTPRead, PluginFTPWrite, PluginFTPMkdir, PluginFTPDelete,
[31m
    at getRollupError (file:///d:/task/ai/apitool/frontend/node_modules/rollup/dist/es/shared/parseAst.js:317:41)
    at error (file:///d:/task/ai/apitool/frontend/node_modules/rollup/dist/es/shared/parseAst.js:313:42)
    at Module.error (file:///d:/task/ai/apitool/frontend/node_modules/rollup/dist/es/shared/node-entry.js:17396:16)
    at Module.traceVariable (file:///d:/task/ai/apitool/frontend/node_modules/rollup/dist/es/shared/node-entry.js:17829:29)
    at ModuleScope.findVariable (file:///d:/task/ai/apitool/frontend/node_modules/rollup/dist/es/shared/node-entry.js:15419:39)
    at ChildScope.findVariable (file:///d:/task/ai/apitool/frontend/node_modules/rollup/dist/es/shared/node-entry.js:5684:38)
    at FunctionScope.findVariable (file:///d:/task/ai/apitool/frontend/node_modules/rollup/dist/es/shared/node-entry.js:5684:38)
    at FunctionBodyScope.findVariable (file:///d:/task/ai/apitool/frontend/node_modules/rollup/dist/es/shared/node-entry.js:5684:38)
    at FunctionScope.findVariable (file:///d:/task/ai/apitool/frontend/node_modules/rollup/dist/es/shared/node-entry.js:5684:38)
    at FunctionBodyScope.findVariable (file:///d:/task/ai/apitool/frontend/node_modules/rollup/dist/es/shared/node-entry.js:5684:38)[39m
